<html>
<body>
<pre>
<h1>礦ision Build Log</h1>
<h2>Tool Versions:</h2>
IDE-Version: μVision V5.23.0.0
Copyright (C) 2017 ARM Ltd and ARM Germany GmbH. All rights reserved.
License Information:      , Microsoft     , LIC=LJWGK-ZBCRM-49VG2-934TJ-WIZFF-KR5IN
 
Tool Versions:
Toolchain:       MDK-ARM Professional  Version: 5.23
Toolchain Path:  D:\keil_v5\ARM\ARMCC\Bin
C Compiler:      Armcc.exe V5.06 update 4 (build 422)
Assembler:       Armasm.exe V5.06 update 4 (build 422)
Linker/Locator:  ArmLink.exe V5.06 update 4 (build 422)
Library Manager: ArmAr.exe V5.06 update 4 (build 422)
Hex Converter:   FromElf.exe V5.06 update 4 (build 422)
CPU DLL:         SARMCM3.DLL V5.23
Dialog DLL:      DARMSTM.DLL V1.68.0.0
Target DLL:      STLink\ST-LINKIII-KEIL_SWO.dll V2.0.18.0
Dialog DLL:      TARMSTM.DLL V1.66.0.0
 
<h2>Project:</h2>
E:\嵌入式\STM32\精英F103\A盘\4，程序源码\2，标准例程-库函数版本\2，标准例程-库函数版本\实验5 外部中断实验\USER\EXTI.uvprojx
Project File Date:  12/07/2018

<h2>Output:</h2>
*** Using Compiler 'V5.06 update 4 (build 422)', folder: 'D:\keil_v5\ARM\ARMCC\Bin'
Rebuild target 'EXTI'
compiling stm32f10x_it.c...
compiling main.c...
compiling system_stm32f10x.c...
compiling led.c...
compiling beep.c...
compiling key.c...
compiling delay.c...
compiling exti.c...
compiling sys.c...
assembling startup_stm32f10x_hd.s...
compiling core_cm3.c...
compiling usart.c...
compiling misc.c...
compiling stm32f10x_gpio.c...
compiling stm32f10x_rcc.c...
compiling stm32f10x_usart.c...
compiling stm32f10x_exti.c...
linking...
Program Size: Code=5620 RO-data=336 RW-data=56 ZI-data=1832  
FromELF: creating hex file...
"..\OBJ\EXIT.axf" - 0 Error(s), 0 Warning(s).

<h2>Collection of Component include folders:</h2>
  .\RTE\_EXTI
  D:\keil_v5\ARM\PACK\Keil\STM32F1xx_DFP\1.1.0\Device\Include

<h2>Collection of Component Files used:</h2>
Build Time Elapsed:  00:00:04
</pre>
</body>
</html>
